cmd : 'gradlew.bat' is not recognized as an internal or external command,
At line:1 char:25
+ ... Translator; cmd /c gradlew.bat compileDebugKotlin 2>&1 > build_output ...
+                 ~~~~~~~~~~~~~~~~~~~~~~~~~~~~~~~~~~~~~~~~~~~~~~~~~~~~~~~~~
    + CategoryInfo          : NotSpecified: ('gradlew.bat' i...ternal command,:String) [], RemoteException
    + FullyQualifiedErrorId : NativeCommandError
 
operable program or batch file.
